[Jul12 22:44] Linux version 5.15.1-microsoft-standard-WSL2-modified-by-bobby-5.15.1#1 (bobby_ubuntu@Bobby) (gcc (Ubuntu 11.4.0-1ubuntu1~22.04) 11.4.0, GNU ld (GNU Binutils for Ubuntu) 2.38) #1 SMP Sat Apr 20 14:00:13 CST 2024
[  +0.000000] Command line: initrd=\initrd.img WSL_ROOT_INIT=1 panic=-1 nr_cpus=14 hv_utils.timesync_implicit=1 console=hvc0 debug pty.legacy_count=0
[  +0.000000] KERNEL supported cpus:
[  +0.000000]   Intel GenuineIntel
[  +0.000000]   AMD AuthenticAMD
[  +0.000000]   Centaur CentaurHauls
[  +0.000000] x86/fpu: Supporting XSAVE feature 0x001: 'x87 floating point registers'
[  +0.000000] x86/fpu: Supporting XSAVE feature 0x002: 'SSE registers'
[  +0.000000] x86/fpu: Supporting XSAVE feature 0x004: 'AVX registers'
[  +0.000000] x86/fpu: xstate_offset[2]:  576, xstate_sizes[2]:  256
[  +0.000000] x86/fpu: Enabled xstate features 0x7, context size is 832 bytes, using 'compacted' format.
[  +0.000000] signal: max sigframe size: 1776
[  +0.000000] BIOS-provided physical RAM map:
[  +0.000000] BIOS-e820: [mem 0x0000000000000000-0x000000000009ffff] usable
[  +0.000000] BIOS-e820: [mem 0x00000000000e0000-0x00000000000e0fff] reserved
[  +0.000000] BIOS-e820: [mem 0x0000000000100000-0x00000000001fffff] ACPI data
[  +0.000000] BIOS-e820: [mem 0x0000000000200000-0x00000000f7ffffff] usable
[  +0.000000] BIOS-e820: [mem 0x0000000100000000-0x0000000607ffffff] usable
[  +0.000000] NX (Execute Disable) protection: active
[  +0.000000] DMI not present or invalid.
[  +0.000000] Hypervisor detected: Microsoft Hyper-V
[  +0.000000] Hyper-V: privilege flags low 0xae7f, high 0x3b8030, hints 0x60e24, misc 0x20bed7b2
[  +0.000000] Hyper-V Host Build:19041-10.0-4-0.4648
[  +0.000000] Hyper-V: Nested features: 0x0
[  +0.000000] Hyper-V: LAPIC Timer Frequency: 0x1e8480
[  +0.000000] Hyper-V: Using hypercall for remote TLB flush
[  +0.000000] clocksource: hyperv_clocksource_tsc_page: mask: 0xffffffffffffffff max_cycles: 0x24e6a1710, max_idle_ns: 440795202120 ns
[  +0.000000] tsc: Detected 2918.398 MHz processor
[  +0.000005] e820: update [mem 0x00000000-0x00000fff] usable ==> reserved
[  +0.000002] e820: remove [mem 0x000a0000-0x000fffff] usable
[  +0.000002] last_pfn = 0x608000 max_arch_pfn = 0x400000000
[  +0.000014] x86/PAT: Configuration [0-7]: WB  WC  UC- UC  WB  WP  UC- WT  
[  +0.000007] last_pfn = 0xf8000 max_arch_pfn = 0x400000000
[  +0.000005] Using GB pages for direct mapping
[  +0.000199] RAMDISK: [mem 0x03675000-0x0384bfff]
[  +0.000001] ACPI: Early table checksum verification disabled
[  +0.000003] ACPI: RSDP 0x00000000000E0000 000024 (v02 VRTUAL)
[  +0.000002] ACPI: XSDT 0x0000000000100000 000044 (v01 VRTUAL MICROSFT 00000001 MSFT 00000001)
[  +0.000004] ACPI: FACP 0x0000000000101000 000114 (v06 VRTUAL MICROSFT 00000001 MSFT 00000001)
[  +0.000003] ACPI: DSDT 0x00000000001011B8 01E184 (v02 MSFTVM DSDT01   00000001 MSFT 05000000)
[  +0.000002] ACPI: FACS 0x0000000000101114 000040
[  +0.000002] ACPI: OEM0 0x0000000000101154 000064 (v01 VRTUAL MICROSFT 00000001 MSFT 00000001)
[  +0.000002] ACPI: SRAT 0x000000000011F33C 0002F0 (v02 VRTUAL MICROSFT 00000001 MSFT 00000001)
[  +0.000002] ACPI: APIC 0x000000000011F62C 0000B8 (v04 VRTUAL MICROSFT 00000001 MSFT 00000001)
[  +0.000001] ACPI: Reserving FACP table memory at [mem 0x101000-0x101113]
[  +0.000001] ACPI: Reserving DSDT table memory at [mem 0x1011b8-0x11f33b]
[  +0.000001] ACPI: Reserving FACS table memory at [mem 0x101114-0x101153]
[  +0.000000] ACPI: Reserving OEM0 table memory at [mem 0x101154-0x1011b7]
[  +0.000001] ACPI: Reserving SRAT table memory at [mem 0x11f33c-0x11f62b]
[  +0.000001] ACPI: Reserving APIC table memory at [mem 0x11f62c-0x11f6e3]
[  +0.000110] Zone ranges:
[  +0.000000]   DMA      [mem 0x0000000000001000-0x0000000000ffffff]
[  +0.000001]   DMA32    [mem 0x0000000001000000-0x00000000ffffffff]
[  +0.000001]   Normal   [mem 0x0000000100000000-0x0000000607ffffff]
[  +0.000001]   Device   empty
[  +0.000001] Movable zone start for each node
[  +0.000000] Early memory node ranges
[  +0.000001]   node   0: [mem 0x0000000000001000-0x000000000009ffff]
[  +0.000001]   node   0: [mem 0x0000000000200000-0x00000000f7ffffff]
[  +0.000000]   node   0: [mem 0x0000000100000000-0x0000000607ffffff]
[  +0.000002] Initmem setup node 0 [mem 0x0000000000001000-0x0000000607ffffff]
[  +0.000109] On node 0, zone DMA: 1 pages in unavailable ranges
[  +0.000016] On node 0, zone DMA: 352 pages in unavailable ranges
[  +0.007576] ACPI: LAPIC_NMI (acpi_id[0x01] dfl dfl lint[0x1])
[  +0.000195] IOAPIC[0]: apic_id 14, version 17, address 0xfec00000, GSI 0-23
[  +0.000004] ACPI: INT_SRC_OVR (bus 0 bus_irq 9 global_irq 9 high level)
[  +0.000003] ACPI: Using ACPI (MADT) for SMP configuration information
[  +0.000002] smpboot: Allowing 14 CPUs, 0 hotplug CPUs
[  +0.000007] [mem 0xf8000000-0xffffffff] available for PCI devices
[  +0.000001] Booting paravirtualized kernel on Hyper-V
[  +0.000002] clocksource: refined-jiffies: mask: 0xffffffff max_cycles: 0xffffffff, max_idle_ns: 19112604462750000 ns
[  +0.003739] setup_percpu: NR_CPUS:256 nr_cpumask_bits:256 nr_cpu_ids:14 nr_node_ids:1
[  +0.000648] percpu: Embedded 49 pages/cpu s161304 r8192 d31208 u262144
[  +0.000005] pcpu-alloc: s161304 r8192 d31208 u262144 alloc=1*2097152
[  +0.000002] pcpu-alloc: [0] 00 01 02 03 04 05 06 07 [0] 08 09 10 11 12 13 -- -- 
[  +0.000012] Hyper-V: PV spinlocks enabled
[  +0.000001] PV qspinlock hash table entries: 256 (order: 0, 4096 bytes, linear)
[  +0.000003] Built 1 zonelists, mobility grouping on.  Total pages: 6192133
[  +0.000002] Kernel command line: nokaslr initrd=\initrd.img WSL_ROOT_INIT=1 panic=-1 nr_cpus=14 hv_utils.timesync_implicit=1 console=hvc0 debug pty.legacy_count=0
[  +0.000001] Init in start_kernel()/n
[  +0.000000] Init in sys_on_init()/n
[  +0.000041] Unknown command line parameters: nokaslr WSL_ROOT_INIT=1
[  +0.006299] Dentry cache hash table entries: 4194304 (order: 13, 33554432 bytes, linear)
[  +0.003286] Inode-cache hash table entries: 2097152 (order: 12, 16777216 bytes, linear)
[  +0.000124] mem auto-init: stack:off, heap alloc:off, heap free:off
[  +0.024166] Memory: 4087684K/25164412K available (18453K kernel code, 2640K rwdata, 3916K rodata, 1808K init, 2076K bss, 550892K reserved, 0K cma-reserved)
[  +0.000030] SLUB: HWalign=64, Order=0-3, MinObjects=0, CPUs=14, Nodes=1
[  +0.000005] ftrace: allocating 52536 entries in 206 pages
[  +0.010656] ftrace: allocated 206 pages with 5 groups
[  +0.000344] rcu: Hierarchical RCU implementation.
[  +0.000001] rcu: 	RCU restricting CPUs from NR_CPUS=256 to nr_cpu_ids=14.
[  +0.000002] 	Rude variant of Tasks RCU enabled.
[  +0.000000] 	Tracing variant of Tasks RCU enabled.
[  +0.000001] rcu: RCU calculated value of scheduler-enlistment delay is 10 jiffies.
[  +0.000000] rcu: Adjusting geometry for rcu_fanout_leaf=16, nr_cpu_ids=14
[  +0.002599] Using NULL legacy PIC
[  +0.000002] NR_IRQS: 16640, nr_irqs: 536, preallocated irqs: 0
[  +0.000201] random: crng done (trusting CPU's manufacturer)
[  +0.000017] Console: colour dummy device 80x25
[  +0.000007] ACPI: Core revision 20210730
[  +0.000046] Failed to register legacy timer interrupt
[  +0.000001] APIC: Switch to symmetric I/O mode setup
[  +0.000001] Switched APIC routing to physical flat.
[  +0.000013] Hyper-V: Using IPI hypercalls
[  +0.000032] clocksource: tsc-early: mask: 0xffffffffffffffff max_cycles: 0x2a1126e309d, max_idle_ns: 440795258009 ns
[  +0.000005] Calibrating delay loop (skipped), value calculated using timer frequency.. 5836.79 BogoMIPS (lpj=29183980)
[  +0.000002] pid_max: default: 32768 minimum: 301
[  +0.000007] LSM: Security Framework initializing
[  +0.000003] landlock: Up and running.
[  +0.000033] Mount-cache hash table entries: 65536 (order: 7, 524288 bytes, linear)
[  +0.000030] Mountpoint-cache hash table entries: 65536 (order: 7, 524288 bytes, linear)
[  +0.000171] x86/cpu: User Mode Instruction Prevention (UMIP) activated
[  +0.000009] Last level iTLB entries: 4KB 0, 2MB 0, 4MB 0
[  +0.000000] Last level dTLB entries: 4KB 0, 2MB 0, 4MB 0, 1GB 0
[  +0.000004] Spectre V1 : Mitigation: usercopy/swapgs barriers and __user pointer sanitization
[  +0.000001] Spectre V2 : Mitigation: Enhanced IBRS
[  +0.000000] Spectre V2 : Spectre v2 / SpectreRSB mitigation: Filling RSB on context switch
[  +0.000001] Spectre V2 : mitigation: Enabling conditional Indirect Branch Prediction Barrier
[  +0.000001] Speculative Store Bypass: Mitigation: Speculative Store Bypass disabled via prctl and seccomp
[  +0.003379] Freeing SMP alternatives memory: 60K
[  +0.000044] smpboot: CPU0: 12th Gen Intel(R) Core(TM) i9-12900H (family: 0x6, model: 0x9a, stepping: 0x3)
[  +0.000053] Performance Events: unsupported p6 CPU model 154 no PMU driver, software events only.
[  +0.000014] rcu: Hierarchical SRCU implementation.
[  +0.000266] smp: Bringing up secondary CPUs ...
[  +0.000519] x86: Booting SMP configuration:
[  +0.000001] .... node  #0, CPUs:        #1  #2  #3  #4  #5  #6  #7  #8  #9 #10 #11 #12 #13
[  +0.000243] smp: Brought up 1 node, 14 CPUs
[  +0.000000] smpboot: Max logical packages: 1
[  +0.000000] smpboot: Total of 14 processors activated (81715.14 BogoMIPS)
[  +0.015566] node 0 deferred pages initialised in 20ms
[  +0.002599] devtmpfs: initialized
[  +0.000000] x86/mm: Memory block size: 128MB
[  +0.000000] clocksource: jiffies: mask: 0xffffffff max_cycles: 0xffffffff, max_idle_ns: 19112604462750000 ns
[  +0.000000] futex hash table entries: 4096 (order: 6, 262144 bytes, linear)
[  +0.000000] NET: Registered PF_NETLINK/PF_ROUTE protocol family
[  +0.000000] audit: initializing netlink subsys (disabled)
[  +0.000000] audit: type=2000 audit(1720795443.020:1): state=initialized audit_enabled=0 res=1
[  +0.000000] thermal_sys: Registered thermal governor 'step_wise'
[  +0.000000] cpuidle: using governor menu
[  +0.000000] ACPI: bus type PCI registered
[  +0.000000] PCI: Fatal: No config space access function found
[  +0.000000] Kprobes globally optimized
[  +0.000000] HugeTLB registered 1.00 GiB page size, pre-allocated 0 pages
[  +0.000000] HugeTLB registered 2.00 MiB page size, pre-allocated 0 pages
[  +0.000000] raid6: skip pq benchmark and using algorithm avx2x4
[  +0.000000] raid6: using avx2x2 recovery algorithm
[  +0.000000] ACPI: Added _OSI(Module Device)
[  +0.000000] ACPI: Added _OSI(Processor Device)
[  +0.000000] ACPI: Added _OSI(3.0 _SCP Extensions)
[  +0.000000] ACPI: Added _OSI(Processor Aggregator Device)
[  +0.000000] ACPI: Added _OSI(Linux-Dell-Video)
[  +0.000000] ACPI: Added _OSI(Linux-Lenovo-NV-HDMI-Audio)
[  +0.000000] ACPI: Added _OSI(Linux-HPI-Hybrid-Graphics)
[  +0.008654] ACPI: 1 ACPI AML tables successfully acquired and loaded
[  +0.000368] ACPI: Interpreter enabled
[  +0.000002] ACPI: PM: (supports S0 S5)
[  +0.000001] ACPI: Using IOAPIC for interrupt routing
[  +0.000004] PCI: Using host bridge windows from ACPI; if necessary, use "pci=nocrs" and report a bug
[  +0.000064] ACPI: Enabled 2 GPEs in block 00 to 0F
[  +0.000582] iommu: Default domain type: Translated 
[  +0.000001] iommu: DMA domain TLB invalidation policy: lazy mode 
[  +0.000041] SCSI subsystem initialized
[  +0.000005] ACPI: bus type USB registered
[  +0.000004] usbcore: registered new interface driver usbfs
[  +0.000003] usbcore: registered new interface driver hub
[  +0.000003] usbcore: registered new device driver usb
[  +0.000059] pps_core: LinuxPPS API ver. 1 registered
[  +0.000001] pps_core: Software ver. 5.3.6 - Copyright 2005-2007 Rodolfo Giometti <giometti@linux.it>
[  +0.000001] PTP clock support registered
[  +0.000024] hv_vmbus: Vmbus version:5.2
[  +0.000000] PCI: Using ACPI for IRQ routing
[  +0.000000] PCI: System does not support PCI
[  +0.000000] clocksource: Switched to clocksource tsc-early
[  +0.000000] hv_vmbus: Unknown GUID: c376c1c3-d276-48d2-90a9-c04748072c60
[  +0.000000] hv_vmbus: Unknown GUID: 6e382d18-3336-4f4b-acc4-2b7703d4df4a
[  +0.000000] hv_vmbus: Unknown GUID: dde9cbc0-5060-4436-9448-ea1254a5d177
[  +0.000000] hv_vmbus: Unknown GUID: 6e382d18-3336-4f4b-acc4-2b7703d4df4a
[  +0.005068] VFS: Disk quotas dquot_6.6.0
[  +0.000007] VFS: Dquot-cache hash table entries: 512 (order 0, 4096 bytes)
[  +0.000009] FS-Cache: Loaded
[  +0.000013] pnp: PnP ACPI init
[  +0.000120] pnp: PnP ACPI: found 1 devices
[  +0.002636] NET: Registered PF_INET protocol family
[  +0.000466] IP idents hash table entries: 262144 (order: 9, 2097152 bytes, linear)
[  +0.000703] tcp_listen_portaddr_hash hash table entries: 16384 (order: 6, 262144 bytes, linear)
[  +0.000024] TCP established hash table entries: 262144 (order: 9, 2097152 bytes, linear)
[  +0.000536] TCP bind hash table entries: 65536 (order: 8, 1048576 bytes, linear)
[  +0.000405] TCP: Hash tables configured (established 262144 bind 65536)
[  +0.000019] UDP hash table entries: 16384 (order: 7, 524288 bytes, linear)
[  +0.000033] UDP-Lite hash table entries: 16384 (order: 7, 524288 bytes, linear)
[  +0.000048] NET: Registered PF_UNIX/PF_LOCAL protocol family
[  +0.000391] RPC: Registered named UNIX socket transport module.
[  +0.000002] RPC: Registered udp transport module.
[  +0.000001] RPC: Registered tcp transport module.
[  +0.000000] RPC: Registered tcp NFSv4.1 backchannel transport module.
[  +0.000002] PCI: CLS 0 bytes, default 64
[  +0.000010] PCI-DMA: Using software bounce buffering for IO (SWIOTLB)
[  +0.000001] software IO TLB: mapped [mem 0x00000000f4000000-0x00000000f8000000] (64MB)
[  +0.000018] Trying to unpack rootfs image as initramfs...
[  +0.000024] kvm: no hardware support
[  +0.000001] has_svm: not amd or hygon
[  +0.000001] kvm: no hardware support
[  +0.000777] Freeing initrd memory: 1884K
[  +0.002054] Initialise system trusted keyrings
[  +0.000057] workingset: timestamp_bits=46 max_order=23 bucket_order=0
[  +0.000672] squashfs: version 4.0 (2009/01/31) Phillip Lougher
[  +0.000133] NFS: Registering the id_resolver key type
[  +0.000004] Key type id_resolver registered
[  +0.000000] Key type id_legacy registered
[  +0.000002] nfs4filelayout_init: NFSv4 File Layout Driver Registering...
[  +0.000002] nfs4flexfilelayout_init: NFSv4 Flexfile Layout Driver Registering...
[  +0.000000] Installing knfsd (copyright (C) 1996 okir@monad.swb.de).
[  +0.000356] Key type cifs.idmap registered
[  +0.000033] fuse: init (API version 7.34)
[  +0.000067] SGI XFS with ACLs, security attributes, realtime, scrub, repair, quota, no debug enabled
[  +0.000427] 9p: Installing v9fs 9p2000 file system support
[  +0.000005] FS-Cache: Netfs '9p' registered for caching
[  +0.000021] FS-Cache: Netfs 'ceph' registered for caching
[  +0.000002] ceph: loaded (mds proto 32)
[  +0.004959] NET: Registered PF_ALG protocol family
[  +0.000002] xor: automatically using best checksumming function   avx       
[  +0.000002] Key type asymmetric registered
[  +0.000001] Asymmetric key parser 'x509' registered
[  +0.000010] Block layer SCSI generic (bsg) driver version 0.4 loaded (major 248)
[  +0.055432] hv_vmbus: registering driver hv_pci
[  +0.000719] hv_pci 231e521f-4149-4f3c-99f3-650ce3607801: PCI VMBus probing: Using version 0x10003
[  +0.000476] hv_pci 231e521f-4149-4f3c-99f3-650ce3607801: PCI host bridge to bus 4149:00
[  +0.000003] pci_bus 4149:00: root bus resource [mem 0x9ffe00000-0x9ffe02fff window]
[  +0.000002] pci_bus 4149:00: No busn resource found for root bus, will use [bus 00-ff]
[  +0.000280] pci 4149:00:00.0: [1af4:1043] type 00 class 0x010000
[  +0.000377] pci 4149:00:00.0: reg 0x10: [mem 0x9ffe00000-0x9ffe00fff 64bit]
[  +0.000231] pci 4149:00:00.0: reg 0x18: [mem 0x9ffe01000-0x9ffe01fff 64bit]
[  +0.000221] pci 4149:00:00.0: reg 0x20: [mem 0x9ffe02000-0x9ffe02fff 64bit]
[  +0.001110] pci_bus 4149:00: busn_res: [bus 00-ff] end is updated to 00
[  +0.000006] pci 4149:00:00.0: BAR 0: assigned [mem 0x9ffe00000-0x9ffe00fff 64bit]
[  +0.000167] pci 4149:00:00.0: BAR 2: assigned [mem 0x9ffe01000-0x9ffe01fff 64bit]
[  +0.000158] pci 4149:00:00.0: BAR 4: assigned [mem 0x9ffe02000-0x9ffe02fff 64bit]
[  +0.000514] hv_pci 7ea83fc3-dce2-43a6-9637-669aafe30438: PCI VMBus probing: Using version 0x10003
[  +0.000535] hv_pci 7ea83fc3-dce2-43a6-9637-669aafe30438: PCI host bridge to bus dce2:00
[  +0.000002] pci_bus dce2:00: No busn resource found for root bus, will use [bus 00-ff]
[  +0.000135] pci dce2:00:00.0: [1414:008e] type 00 class 0x030200
[  +0.001623] pci_bus dce2:00: busn_res: [bus 00-ff] end is updated to 00
[  +0.000253] hv_pci 1ee6d414-85e9-4309-95ea-2b00d0f32e16: PCI VMBus probing: Using version 0x10003
[  +0.000319] hv_pci 1ee6d414-85e9-4309-95ea-2b00d0f32e16: PCI host bridge to bus 85e9:00
[  +0.000002] pci_bus 85e9:00: No busn resource found for root bus, will use [bus 00-ff]
[  +0.000129] pci 85e9:00:00.0: [1414:008e] type 00 class 0x030200
[  +0.001565] pci_bus 85e9:00: busn_res: [bus 00-ff] end is updated to 00
[  +0.000096] ACPI: AC: AC Adapter [AC1] (on-line)
[  +0.000391] ACPI: battery: Slot [BAT1] (battery present)
[  +0.001203] Serial: 8250/16550 driver, 4 ports, IRQ sharing disabled
[  +0.014704] Non-volatile memory driver v1.3
[  +0.000478] [drm] Initialized vgem 1.0.0 20120112 for vgem on minor 0
[  +0.000336] printk: console [hvc0] enabled
[  +0.002230] brd: module loaded
[  +0.001191] loop: module loaded
[  +0.001278] hv_vmbus: registering driver hv_storvsc
[  +0.000311] wireguard: WireGuard 1.0.0 loaded. See www.wireguard.com for information.
[  +0.000317] wireguard: Copyright (C) 2015-2019 Jason A. Donenfeld <Jason@zx2c4.com>. All Rights Reserved.
[  +0.000244] tun: Universal TUN/TAP device driver, 1.6
[  +0.000405] PPP generic driver version 2.4.2
[  +0.000235] scsi host0: storvsc_host_t
[  +0.000004] PPP BSD Compression module registered
[  +0.000378] PPP Deflate Compression module registered
[  +0.000143] PPP MPPE Compression module registered
[  +0.000112] NET: Registered PF_PPPOX protocol family
[  +0.000194] usbcore: registered new interface driver cdc_ether
[  +0.000148] usbcore: registered new interface driver cdc_ncm
[  +0.000137] usbcore: registered new interface driver r8153_ecm
[  +0.000141] hv_vmbus: registering driver hv_netvsc
[  +0.000165] VFIO - User Level meta-driver version: 0.3
[  +0.000270] usbcore: registered new interface driver cdc_acm
[  +0.000343] cdc_acm: USB Abstract Control Model driver for USB modems and ISDN adapters
[  +0.000416] vhci_hcd vhci_hcd.0: USB/IP Virtual Host Controller
[  +0.000240] vhci_hcd vhci_hcd.0: new USB bus registered, assigned bus number 1
[  +0.000254] vhci_hcd: created sysfs vhci_hcd.0
[  +0.000124] usb usb1: New USB device found, idVendor=1d6b, idProduct=0002, bcdDevice= 5.15
[  +0.000199] usb usb1: New USB device strings: Mfr=3, Product=2, SerialNumber=1
[  +0.000152] usb usb1: Product: USB/IP Virtual Host Controller
[  +0.000138] usb usb1: Manufacturer: Linux 5.15.1-microsoft-standard-WSL2-modified-by-bobby-5.15.1#1 vhci_hcd
[  +0.000254] usb usb1: SerialNumber: vhci_hcd.0
[  +0.000180] hub 1-0:1.0: USB hub found
[  +0.000119] hub 1-0:1.0: 8 ports detected
[  +0.000146] vhci_hcd vhci_hcd.0: USB/IP Virtual Host Controller
[  +0.000217] vhci_hcd vhci_hcd.0: new USB bus registered, assigned bus number 2
[  +0.000234] usb usb2: We don't know the algorithms for LPM for this host, disabling LPM.
[  +0.000283] usb usb2: New USB device found, idVendor=1d6b, idProduct=0003, bcdDevice= 5.15
[  +0.000305] usb usb2: New USB device strings: Mfr=3, Product=2, SerialNumber=1
[  +0.000242] usb usb2: Product: USB/IP Virtual Host Controller
[  +0.000135] usb usb2: Manufacturer: Linux 5.15.1-microsoft-standard-WSL2-modified-by-bobby-5.15.1#1 vhci_hcd
[  +0.000282] usb usb2: SerialNumber: vhci_hcd.0
[  +0.000190] hub 2-0:1.0: USB hub found
[  +0.000127] hub 2-0:1.0: 8 ports detected
[  +0.000170] hv_vmbus: registering driver hyperv_keyboard
[  +0.000236] rtc_cmos 00:00: RTC can wake from S4
[  +0.000966] rtc_cmos 00:00: registered as rtc0
[  +0.000396] rtc_cmos 00:00: setting system clock to 2024-07-12T14:44:03 UTC (1720795443)
[  +0.000211] rtc_cmos 00:00: alarms up to one month, 114 bytes nvram
[  +0.000175] fail to initialize ptp_kvm
[  +0.000108] device-mapper: ioctl: 4.45.0-ioctl (2021-03-22) initialised: dm-devel@redhat.com
[  +0.000370] device-mapper: raid: Loading target version 1.15.1
[  +0.000227] usbcore: registered new interface driver usbhid
[  +0.000165] usbhid: USB HID core driver
[  +0.000214] hv_utils: Registering HyperV Utility Driver
[  +0.000289] hv_vmbus: registering driver hv_utils
[  +0.000189] hv_vmbus: registering driver hv_balloon
[  +0.000234] drop_monitor: Initializing network drop monitor service
[  +0.000021] hv_utils: TimeSync IC version 4.0
[  +0.000353] Mirror/redirect action on
[  +0.000373] hv_balloon: Using Dynamic Memory protocol version 2.0
[  +0.000087] u32 classifier
[  +0.000467]     Performance counters on
[  +0.000231]     input device check on
[  +0.000168]     Actions configured
[  +0.000140] Free page reporting enabled
[  +0.000136] hv_balloon: Cold memory discard hint enabled
[  +0.000910] IPVS: Registered protocols (TCP, UDP)
[  +0.000278] IPVS: Connection hash table configured (size=4096, memory=64Kbytes)
[  +0.000336] IPVS: ipvs loaded.
[  +0.000145] IPVS: [rr] scheduler registered.
[  +0.000128] IPVS: [wrr] scheduler registered.
[  +0.000133] IPVS: [sh] scheduler registered.
[  +0.000155] ipt_CLUSTERIP: ClusterIP Version 0.8 loaded successfully
[  +0.000222] Initializing XFRM netlink socket
[  +0.000157] NET: Registered PF_INET6 protocol family
[  +0.000386] Segment Routing with IPv6
[  +0.000198] In-situ OAM (IOAM) with IPv6
[  +0.000181] NET: Registered PF_PACKET protocol family
[  +0.000162] Bridge firewalling registered
[  +0.000131] 8021q: 802.1Q VLAN Support v1.8
[  +0.000135] sctp: Hash tables configured (bind 512/512)
[  +0.000224] 9pnet: Installing 9P2000 support
[  +0.000136] Key type dns_resolver registered
[  +0.000147] Key type ceph registered
[  +0.000397] libceph: loaded (mon/osd proto 15/24)
[  +0.000253] NET: Registered PF_VSOCK protocol family
[  +0.000250] hv_vmbus: registering driver hv_sock
[  +0.000211] IPI shorthand broadcast: enabled
[  +0.000144] sched_clock: Marking stable (217980751, 174300)->(227540500, -9385449)
[  +0.000546] registered taskstats version 1
[  +0.000460] Loading compiled-in X.509 certificates
[  +0.000798] Btrfs loaded, crc32c=crc32c-generic, zoned=no, fsverity=no
[  +0.002451] Freeing unused kernel image (initmem) memory: 1808K
[  +0.057638] Write protecting the kernel read-only data: 24576k
[  +0.001019] Freeing unused kernel image (text/rodata gap) memory: 2024K
[  +0.000599] Freeing unused kernel image (rodata/data gap) memory: 180K
[  +0.000210] Run /init as init process
[  +0.000136]   with arguments:
[  +0.000091]     /init
[  +0.000086]     nokaslr
[  +0.000086]   with environment:
[  +0.000079]     HOME=/
[  +0.000080]     TERM=linux
[  +0.000116]     WSL_ROOT_INIT=1
[  +0.005252] scsi 0:0:0:0: Direct-Access     Msft     Virtual Disk     1.0  PQ: 0 ANSI: 5
[  +0.005338] sd 0:0:0:0: Attached scsi generic sg0 type 0
[  +0.000452] sd 0:0:0:0: [sda] 795664 512-byte logical blocks: (407 MB/389 MiB)
[  +0.000420] sd 0:0:0:0: [sda] Write Protect is on
[  +0.000277] sd 0:0:0:0: [sda] Mode Sense: 0f 00 80 00
[  +0.000490] sd 0:0:0:0: [sda] Write cache: disabled, read cache: enabled, doesn't support DPO or FUA
[  +0.001613] sd 0:0:0:0: [sda] Attached SCSI disk
[  +0.063858] scsi 0:0:0:1: Direct-Access     Msft     Virtual Disk     1.0  PQ: 0 ANSI: 5
[  +0.001170] EXT4-fs (sda): mounted filesystem without journal. Opts: (null). Quota mode: none.
[  +0.004102] IPv6: ADDRCONF(NETDEV_CHANGE): eth0: link becomes ready
[  +0.003327] sd 0:0:0:1: Attached scsi generic sg1 type 0
[  +0.000596] sd 0:0:0:1: [sdb] 16777224 512-byte logical blocks: (8.59 GB/8.00 GiB)
[  +0.000438] sd 0:0:0:1: [sdb] 4096-byte physical blocks
[  +0.000350] sd 0:0:0:1: [sdb] Write Protect is off
[  +0.000214] sd 0:0:0:1: [sdb] Mode Sense: 0f 00 00 00
[  +0.000377] sd 0:0:0:1: [sdb] Write cache: enabled, read cache: enabled, doesn't support DPO or FUA
[  +0.001792] sd 0:0:0:1: [sdb] Attached SCSI disk
[  +0.026051] Adding 8388608k swap on /dev/sdb.  Priority:-2 extents:1 across:8388608k 
[  +0.017520] hv_pci b64217e3-441d-46ac-bb01-2791e793da9d: PCI VMBus probing: Using version 0x10003
[  +0.002763] hv_pci b64217e3-441d-46ac-bb01-2791e793da9d: PCI host bridge to bus 441d:00
[  +0.000350] pci_bus 441d:00: root bus resource [mem 0xa00000000-0xc00001fff window]
[  +0.000172] pci_bus 441d:00: No busn resource found for root bus, will use [bus 00-ff]
[  +0.000678] pci 441d:00:00.0: [1af4:105a] type 00 class 0x088000
[  +0.001396] pci 441d:00:00.0: reg 0x10: [mem 0xc00000000-0xc00000fff 64bit]
[  +0.001415] pci 441d:00:00.0: reg 0x18: [mem 0xc00001000-0xc00001fff 64bit]
[  +0.001505] pci 441d:00:00.0: reg 0x20: [mem 0xa00000000-0xbffffffff 64bit]
[  +0.002373] pci_bus 441d:00: busn_res: [bus 00-ff] end is updated to 00
[  +0.000266] pci 441d:00:00.0: BAR 4: assigned [mem 0xa00000000-0xbffffffff 64bit]
[  +0.001250] pci 441d:00:00.0: BAR 0: assigned [mem 0xc00000000-0xc00000fff 64bit]
[  +0.001185] pci 441d:00:00.0: BAR 2: assigned [mem 0xc00001000-0xc00001fff 64bit]
[  +0.006831] virtiofs virtio1: Cache len: 0x200000000 @ 0xa00000000
[  +0.070622] memmap_init_zone_device initialised 2097152 pages in 20ms
[  +0.004495] FS-Cache: Duplicate cookie detected
[  +0.000424] FS-Cache: O-cookie c=00000004 [p=00000002 fl=222 nc=0 na=1]
[  +0.000443] FS-Cache: O-cookie d=0000000019ff5cc6{9P.session} n=00000000304f1f43
[  +0.000322] FS-Cache: O-key=[10] '34323934393337333432'
[  +0.000222] FS-Cache: N-cookie c=00000005 [p=00000002 fl=2 nc=0 na=1]
[  +0.000174] FS-Cache: N-cookie d=0000000019ff5cc6{9P.session} n=000000007ad7ba1e
[  +0.000175] FS-Cache: N-key=[10] '34323934393337333432'
[  +0.000859] FS-Cache: Duplicate cookie detected
[  +0.000245] FS-Cache: O-cookie c=00000004 [p=00000002 fl=222 nc=0 na=1]
[  +0.000404] FS-Cache: O-cookie d=0000000019ff5cc6{9P.session} n=00000000304f1f43
[  +0.000180] FS-Cache: O-key=[10] '34323934393337333432'
[  +0.000151] FS-Cache: N-cookie c=00000006 [p=00000002 fl=2 nc=0 na=1]
[  +0.000188] FS-Cache: N-cookie d=0000000019ff5cc6{9P.session} n=00000000775dfada
[  +0.000190] FS-Cache: N-key=[10] '34323934393337333432'
[  +0.013314] scsi 0:0:0:2: Direct-Access     Msft     Virtual Disk     1.0  PQ: 0 ANSI: 5
[  +0.004908] sd 0:0:0:2: Attached scsi generic sg2 type 0
[  +0.000448] sd 0:0:0:2: [sdc] 536870912 512-byte logical blocks: (275 GB/256 GiB)
[  +0.000289] sd 0:0:0:2: [sdc] 4096-byte physical blocks
[  +0.000222] sd 0:0:0:2: [sdc] Write Protect is off
[  +0.000126] sd 0:0:0:2: [sdc] Mode Sense: 0f 00 00 00
[  +0.000213] sd 0:0:0:2: [sdc] Write cache: enabled, read cache: enabled, doesn't support DPO or FUA
[  +0.001212] sd 0:0:0:2: [sdc] Attached SCSI disk
[  +0.046585] EXT4-fs (sdc): 9 orphan inodes deleted
[  +0.000812] EXT4-fs (sdc): recovery complete
[  +0.007490] EXT4-fs (sdc): mounted filesystem with ordered data mode. Opts: discard,errors=remount-ro,data=ordered. Quota mode: none.
[  +0.579037] clocksource: tsc: mask: 0xffffffffffffffff max_cycles: 0x2a1126e309d, max_idle_ns: 440795258009 ns
[  +0.001390] clocksource: Switched to clocksource tsc
[ +20.761028] FS-Cache: Duplicate cookie detected
[  +0.000517] FS-Cache: O-cookie c=00000007 [p=00000002 fl=222 nc=0 na=1]
[  +0.000546] FS-Cache: O-cookie d=0000000019ff5cc6{9P.session} n=000000002199ec6f
[  +0.000284] FS-Cache: O-key=[10] '34323934393339343834'
[  +0.000152] FS-Cache: N-cookie c=00000008 [p=00000002 fl=2 nc=0 na=1]
[  +0.000172] FS-Cache: N-cookie d=0000000019ff5cc6{9P.session} n=000000000ccf383b
[  +0.000205] FS-Cache: N-key=[10] '34323934393339343834'
[ +10.104113] FS-Cache: Duplicate cookie detected
[  +0.000382] FS-Cache: O-cookie c=0000000d [p=00000002 fl=222 nc=0 na=1]
[  +0.000370] FS-Cache: O-cookie d=0000000019ff5cc6{9P.session} n=00000000c2b36f12
[  +0.000313] FS-Cache: O-key=[10] '34323934393430343934'
[  +0.000259] FS-Cache: N-cookie c=0000000e [p=00000002 fl=2 nc=0 na=1]
[  +0.000405] FS-Cache: N-cookie d=0000000019ff5cc6{9P.session} n=000000007b12de2c
[  +0.000370] FS-Cache: N-key=[10] '34323934393430343934'
[  +0.166599] systemd-journald[43]: Received client request to flush runtime journal.
[  +0.008032] systemd-journald[43]: File /var/log/journal/4e93b00572b84fd4ab042597642fe2ce/system.journal corrupted or uncleanly shut down, renaming and replacing.
[  +1.891413] WSL (2): Creating login session for bobby_ubuntu
[  +0.084892] systemd-journald[43]: File /var/log/journal/4e93b00572b84fd4ab042597642fe2ce/user-1000.journal corrupted or uncleanly shut down, renaming and replacing.
[  +0.209856] nf_conntrack: default automatic helper assignment has been turned off for security reasons and CT-based firewall rule not found. Use the iptables CT target to attach helpers instead.
[ +14.648290] hv_balloon: Max. dynamic memory size: 24576 MB
